fail2ban jail    unique / total pct%
====================================
ssh                   2 /     3  33%
nsd                   1 /     3  33%
postfix               2 /     2  22%
dovecot               1 /     1  11%
------------------------------------
*                     6 /     9 100%
